// Jest Snapshot v1, https://goo.gl/fbAQLP

exports[`renders correctly 1`] = `
<button
  type="button"
>
  <span>
     Log my click to console
  </span>
</button>
`;
